---
source: src/app.rs
expression: "draw(&app, 100, 24).backend()"
---
"┌[1] Status───────────────────────┐┌[0] Diff───────────────────────────────────────────────────────┐"
"│main ↑2                          ││diff --git a/src/main.rs b/src/main.rs                         │"
"└─────────────────────────────────┘│+added line                                                    │"
"┌[2] Files────────────────────────┐│-removed line                                                  │"
"│ ? notes.txt                     ││                                                               │"
"│  ▾ src/                         ││                                                               │"
"│ A   app.rs                      ││                                                               │"
"└─────────────────────────────────┘│                                                               │"
"┌[3] Branches─────────────────────┐│                                                               │"
"│● main ↑2 ┌ Worktrees ─────────────────────────────────────────────────────────────────┐          │"
"│  feature/│● main              /home/max/lazier                                        │          │"
"│  old/thin│  fix/x             /home/max/lazier-fix                                    │          │"
"└──────────└────────────────────────────────────────────────────────────────────────────┘          │"
"┌[4] Commits──────────────────────┐│                                                               │"
"│● ↑ 0a0c000 fake: commit subject │└───────────────────────────────────────────────────────────────┘"
"│◉─╮ ↑ 0a0c001 fake: commit subjec│┌[@] Command log────────────────────────────────────────────────┐"
"│● │  0a0c002 fake: commit subject││                                                               │"
"└─────────────────────────────────┘│                                                               │"
"┌[5] Stash────────────────────────┐│                                                               │"
"│stash@{0}: WIP on main           ││                                                               │"
"│                                 ││                                                               │"
"│                                 ││                                                               │"
"└─────────────────────────────────┘└───────────────────────────────────────────────────────────────┘"
"enter go to it · n new · d remove · esc close                                                       "
