---
source: src/app.rs
expression: "draw(&app, 100, 24).backend()"
---
"┌[1]─Status───────────────────────┐┌[0]─Changes────────────────────────────────────────────────────┐"
"│main ↑2                          ││── Unstaged changes ───────────────────────────────────────────│"
"└───────────────────────────1 of 1┘│diff --git a/src/main.rs b/src/main.rs                         │"
"┌[2]─Files────────────────────────┃│+added line                                                    │"
"│   ▾ /                           ┃│-removed line                                                  │"
"│ ?   notes.txt                   ┃│── Staged changes ─────────────────────────────────────────────│"
"│     ▾ src/                      ││diff --git a/src/main.rs b/src/main.rs                         │"
"└───────────────────────────1 of 5┘│+staged line                                                   │"
"┌[3]─Branches─────────────────────┐│                                                               │"
"│  2h * m┌ Worktrees ─────────────────────────────────────────────────────────────────────┐        │"
"│  1d   f│● main                  /home/max/lazier main                                   │        │"
"│  3w   o│  fix/x                 /home/max/lazier-fix                                    │        │"
"└────────│  old/thing             /home/max/lazier-old locked gone                        │        │"
"┌[4]─Comm└──────────────────────────────────────────────────────────────────────────2 of 3┘        │"
"│0a0c000 TA ●↑ fake: commit subjec││                                                               │"
"│0a0c001 TA ◉─╮↑ fake: commit subj││                                                               │"
"│0a0c002 TA ● │ fake: commit subje│└───────────────────────────────────────────────────────────────┘"
"└──────────────────────1 of 100000┘┌[@]─Command log────────────────────────────────────────────────┐"
"┌[5]─Stash────────────────────────┐│                                                               │"
"│stash@{0}: WIP on main           ││                                                               │"
"│                                 ││                                                               │"
"│                                 ││                                                               │"
"└───────────────────────────1 of 1┘└───────────────────────────────────────────────────────────────┘"
"Go to it: <enter> | New: n | Remove: d | Prune: p | Close: <esc>                                    "
