---
source: src/app.rs
expression: "draw(&app, 100, 30).backend()"
---
"┌[1]─Status───────────────────────┐┌[0]─Changes────────────────────────────────────────────────────┐"
"│main (no upstream) ↑2            ││── Unstaged changes ───────────────────────────────────────────│"
"└───────────────────────────1 of 1┘│diff --git a/src/main.rs b/src/main.rs                         │"
"┌[2]─Files────────────────────────┐│+added line                                                    │"
"│   ▾ /                           ││-removed line                                                  │"
"│ ?   notes.txt                   ││── Staged changes ─────────────────────────────────────────────│"
"│     ▾ src/                      ││diff --git a/src/main.rs b/src/main.rs                         │"
"│ A     app.rs                    ││+staged line                                                   │"
"│MM     main.rs                   ││                                                               │"
"└───────────────────────────1 of 5┘│                                                               │"
"┌[3]─Branches─────────────────────┐│                                                               │"
"│  2h * main ↑2     ┌ Confirm ─────────────────────────────────────────────────┐                   │"
"│  1d   feature/ui ↑│ that branch is checked out at                            │                   │"
"│  3w   old/thing   │ /Users/max/dbt/fs-warehouses. go there?                  │                   │"
"│                   │                                                          │                   │"
"└───────────────────│ Yes: y | No: n / esc                                     │                   │"
"┌[4]─Commits────────└──────────────────────────────────────────────────────────┘                   │"
"│0a0c000 TA ●↑ fake: commit subjec││                                                               │"
"│0a0c001 TA ◉─╮↑ fake: commit subj││                                                               │"
"│0a0c002 TA ● │ fake: commit subje││                                                               │"
"│0a0c003 TA │ ● fake: commit subje││                                                               │"
"│0a0c004 TA ●─╯ fake: commit subje││                                                               │"
"└──────────────────────1 of 100000┘└───────────────────────────────────────────────────────────────┘"
"┌[5]─Stash────────────────────────┐┌[@]─Command log────────────────────────────────────────────────┐"
"│stash@{0}: WIP on main           ││                                                               │"
"│                                 ││                                                               │"
"│                                 ││                                                               │"
"│                                 ││                                                               │"
"└───────────────────────────1 of 1┘└───────────────────────────────────────────────────────────────┘"
"                                                                                                    "
