---
source: src/app.rs
expression: "draw(&app, 100, 24).backend()"
---
"┌[1] Status───────────────────────┐┌Interactive rebase — enter: run, esc: cancel───────────────────┐"
"│main ↑2                          ││pick   0a0c000 fake: commit subject #0                         │"
"└─────────────────────────────────┘│squash 0a0c001 fake: commit subject #1                         │"
"┌[2] Files────────────────────────┐│drop   0a0c002 fake: commit subject #2                         │"
"│ ? notes.txt                     ││reword 0a0c003 fake: commit subject #3                         │"
"│  ▾ src/                         ││                                                               │"
"│ A   app.rs                      ││                                                               │"
"└─────────────────────────────────┘│                                                               │"
"┌[3] Branches─────────────────────┐│                                                               │"
"│● main ↑2                        ││                                                               │"
"│  feature/ui ↑1 ↓3               ││                                                               │"
"│  old/thing                      ││                                                               │"
"└─────────────────────────────────┘│                                                               │"
"┌[4] Commits──────────────────────┐│                                                               │"
"│◉─╮ ↑ 0a0c001 fake: commit subjec│└───────────────────────────────────────────────────────────────┘"
"│● │  0a0c002 fake: commit subject│┌[@] Command log────────────────────────────────────────────────┐"
"││ ●  0a0c003 fake: commit subject││                                                               │"
"└─────────────────────────────────┘│                                                               │"
"┌[5] Stash────────────────────────┐│                                                               │"
"│stash@{0}: WIP on main           ││                                                               │"
"│                                 ││                                                               │"
"│                                 ││                                                               │"
"└─────────────────────────────────┘└───────────────────────────────────────────────────────────────┘"
"p pick · r reword · e edit · s squash · f fixup · d drop · J/K move · enter run · esc cancel        "
