---
source: src/app.rs
expression: "draw(&App::new(), 200, 50).backend()"
---
"┌Status──────────────────────────────────────────────────────────────┐┌Diff────────────────────────────────────────────────────────────────────────────────────────────────────────────────────────────┐"
"│main → origin/main                                                  ││selected: Files #0                                                                                                              │"
"└────────────────────────────────────────────────────────────────────┘│                                                                                                                                │"
"┌Files───────────────────────────────────────────────────────────────┐│                                                                                                                                │"
"│M  src/main.rs                                                      ││                                                                                                                                │"
"│A  src/app.rs                                                       ││                                                                                                                                │"
"│M  Cargo.toml                                                       ││                                                                                                                                │"
"│?? notes.md                                                         ││                                                                                                                                │"
"│                                                                    ││                                                                                                                                │"
"│                                                                    ││                                                                                                                                │"
"│                                                                    ││                                                                                                                                │"
"│                                                                    ││                                                                                                                                │"
"│                                                                    ││                                                                                                                                │"
"│                                                                    ││                                                                                                                                │"
"└────────────────────────────────────────────────────────────────────┘│                                                                                                                                │"
"┌Branches────────────────────────────────────────────────────────────┐│                                                                                                                                │"
"│* main                                                              ││                                                                                                                                │"
"│  feature/ui                                                        ││                                                                                                                                │"
"│  fix/pty-size                                                      ││                                                                                                                                │"
"│                                                                    ││                                                                                                                                │"
"│                                                                    ││                                                                                                                                │"
"│                                                                    ││                                                                                                                                │"
"│                                                                    ││                                                                                                                                │"
"│                                                                    ││                                                                                                                                │"
"│                                                                    ││                                                                                                                                │"
"│                                                                    ││                                                                                                                                │"
"└────────────────────────────────────────────────────────────────────┘│                                                                                                                                │"
"┌Commits─────────────────────────────────────────────────────────────┐│                                                                                                                                │"
"│0a0c000 fake: commit subject #0                                     ││                                                                                                                                │"
"│0a0c001 fake: commit subject #1                                     ││                                                                                                                                │"
"│0a0c002 fake: commit subject #2                                     ││                                                                                                                                │"
"│0a0c003 fake: commit subject #3                                     ││                                                                                                                                │"
"│0a0c004 fake: commit subject #4                                     ││                                                                                                                                │"
"│0a0c005 fake: commit subject #5                                     ││                                                                                                                                │"
"│0a0c006 fake: commit subject #6                                     ││                                                                                                                                │"
"│0a0c007 fake: commit subject #7                                     ││                                                                                                                                │"
"│0a0c008 fake: commit subject #8                                     ││                                                                                                                                │"
"└────────────────────────────────────────────────────────────────────┘│                                                                                                                                │"
"┌Stash───────────────────────────────────────────────────────────────┐│                                                                                                                                │"
"│stash@{0}: WIP on main                                              ││                                                                                                                                │"
"│stash@{1}: pty experiment                                           ││                                                                                                                                │"
"│                                                                    ││                                                                                                                                │"
"│                                                                    ││                                                                                                                                │"
"│                                                                    ││                                                                                                                                │"
"│                                                                    ││                                                                                                                                │"
"│                                                                    ││                                                                                                                                │"
"│                                                                    ││                                                                                                                                │"
"│                                                                    ││                                                                                                                                │"
"│                                                                    ││                                                                                                                                │"
"└────────────────────────────────────────────────────────────────────┘└────────────────────────────────────────────────────────────────────────────────────────────────────────────────────────────────┘"
