---
source: src/app.rs
expression: "draw(&app, 100, 30).backend()"
---
"┌[1] Status───────────────────────┐┌[0] Diff───────────────────────────────────────────────────────┐"
"│main ↑2                          ││diff --git a/src/main.rs b/src/main.rs                         │"
"└─────────────────────────────────┘│+added line                                                    │"
"┌[2] Files────────────────────────┐│-removed line                                                  │"
"│ ? notes.tx┌Help──────────────────────────────────────────────────────────────────────┐           │"
"│  ▾ src/   │Global      tab/shift-tab cycle panes    1-5 panes  0 diff pane           │           │"
"│ A   app.rs│             j/k move      ctrl-d/u page  g/G top/bottom                  │           │"
"│SM   main.r│             J/K scroll diff              r refresh                       │           │"
"│           │             ? this help   @ command log  q quit                          │           │"
"└───────────│                                                                          │           │"
"┌[3] Branche│ Files [2]   space stage/unstage  a stage all  enter hunks or fold dir    │           │"
"│  feature/u│             c commit  C commit in editor  s stash  o/t take ours/theirs  │           │"
"│* main     │                                                                          │           │"
"│           │ Branches[3] enter checkout  n new branch  d delete                       │           │"
"│           │             P push  p pull  f fetch  (these use the real terminal)       │           │"
"└───────────│                                                                          │           │"
"┌[4] Commits│ Commits [4] enter zoomed graph view  i interactive rebase from here      │           │"
"│● ↑ 0a0c000│             ↑ marks unpushed commits                                     │           │"
"│◉─╮ ↑ 0a0c0│                                                                          │           │"
"│● │  0a0c00│ Rebase      p pick  r reword  e edit  s squash  f fixup  d drop          │           │"
"││ ●  0a0c00│             J/K move a commit  enter run  esc cancel                     │───────────┘"
"│●─╯  0a0c00│             while stopped: c continue  s skip  A abort                   │───────────┐"
"└───────────│                                                                          │           │"
"┌[5] Stash──└──────────────────────────────────────────────────────────────────────────┘           │"
"│stash@{0}: WIP on main           ││                                                               │"
"│                                 ││                                                               │"
"│                                 ││                                                               │"
"│                                 ││                                                               │"
"└─────────────────────────────────┘└───────────────────────────────────────────────────────────────┘"
"press any key to close the help                                                                     "
