---
source: src/app.rs
expression: "draw(&app, 80, 24).backend()"
---
"┌Commits — enter: back, j/k, ctrl-d/u, g/G─────────────────────────────────────┃"
"│0a0c000 TA 2025-07-20 ●↑ fake: commit subject #0                              │"
"│0a0c001 TA 2025-07-20 ◉─╮↑ fake: commit subject #1                            │"
"│0a0c002 TA 2025-07-20 ● │ fake: commit subject #2                             │"
"│0a0c003 TA 2025-07-20 │ ● fake: commit subject #3                             │"
"│0a0c004 TA 2025-07-20 ●─╯ fake: commit subject #4                             │"
"│0a0c005 TA 2025-07-20 ● fake: commit subject #5                               │"
"│0a0c006 TA 2025-07-20 ◉─╮ fake: commit subject #6                             │"
"│0a0c007 TA 2025-07-20 ● │ fake: commit subject #7                             │"
"│0a0c008 TA 2025-07-20 │ ● fake: commit subject #8                             │"
"│0a0c009 TA 2025-07-20 ●─╯ fake: commit subject #9                             │"
"│0a0c00a TA 2025-07-20 ● fake: commit subject #10                              │"
"│0a0c00b TA 2025-07-20 ◉─╮ fake: commit subject #11                            │"
"│0a0c00c TA 2025-07-20 ● │ fake: commit subject #12                            │"
"│0a0c00d TA 2025-07-20 │ ● fake: commit subject #13                            │"
"│0a0c00e TA 2025-07-20 ●─╯ fake: commit subject #14                            │"
"│0a0c00f TA 2025-07-20 ● fake: commit subject #15                              │"
"│0a0c010 TA 2025-07-20 ◉─╮ fake: commit subject #16                            │"
"│0a0c011 TA 2025-07-20 ● │ fake: commit subject #17                            │"
"│0a0c012 TA 2025-07-20 │ ● fake: commit subject #18                            │"
"│0a0c013 TA 2025-07-20 ●─╯ fake: commit subject #19                            │"
"│0a0c014 TA 2025-07-20 ● fake: commit subject #20                              │"
"└───────────────────────────────────────────────────────────────────1 of 100000┘"
"Graph: <enter> | Rebase: i | Reword: w | Revert: v | Cherry-pick: y | Fixup: f …"
