---
source: src/app.rs
expression: "draw(&app, 100, 30).backend()"
---
"┌[1]─Status───────────────────────┐┌[0]─Unstaged changes───────────────────────────────────────────┐"
"│main ↑2                          ││diff --git a/src/main.rs b/src/main.rs                         │"
"└───────────────────────────1 of 1┘│+added line                                                    │"
"┌[2]─Files────────────────────────┐│-removed line                                                  │"
"│   ▾ /                           ││                                                               │"
"│ ?   notes.txt                   ││                                                               │"
"│     ▾ src/                      ││                                                               │"
"│ A     app.rs┌ Reword HEAD ─────────────────────────────────────────────────────────┐             │"
"│MM     main.r│┌summary─────────────────────────────────────────────────────────────┐│             │"
"└─────────────││fix: the old summary▏                                               ││             │"
"┌[3]─Branches─│└────────────────────────────────────────────────────────────────────┘│─────────────┘"
"│  2h * main ↑│┌body (optional)─────────────────────────────────────────────────────┐│─────────────┐"
"│  1d   featur││                                                                    ││             │"
"│  3w   old/th││                                                                    ││             │"
"│             ││                                                                    ││             │"
"└─────────────││                                                                    ││             │"
"┌[4]─Commits──││                                                                    ││             │"
"│0a0c000 TA ●↑││                                                                    ││             │"
"│0a0c001 TA ◉─│└────────────────────────────────────────────────────────────────────┘│             │"
"│0a0c002 TA ● │reword: enter | body: tab | cancel: esc                               │             │"
"│0a0c003 TA │ └──────────────────────────────────────────────────────────────────────┘─────────────┘"
"│0a0c004 TA ●─╯ fake: commit subje│┌[@]─Command log────────────────────────────────────────────────┐"
"└──────────────────────1 of 100000┘│                                                               │"
"┌[5]─Stash────────────────────────┐│                                                               │"
"│stash@{0}: WIP on main           ││                                                               │"
"│                                 ││                                                               │"
"│                                 ││                                                               │"
"│                                 ││                                                               │"
"└───────────────────────────1 of 1┘└───────────────────────────────────────────────────────────────┘"
"                                                                                                    "
