---
source: src/app.rs
expression: "draw(&demo(), 200, 50).backend()"
---
"┌[1] Status──────────────────────────────────────────────────────────┐┌[0] Diff────────────────────────────────────────────────────────────────────────────────────────────────────────────────────────┐"
"│main ↑2                                                             ││diff --git a/src/main.rs b/src/main.rs                                                                                          │"
"└────────────────────────────────────────────────────────────────────┘│+added line                                                                                                                     │"
"┌[2] Files───────────────────────────────────────────────────────────┐│-removed line                                                                                                                   │"
"│ ? notes.txt                                                        ││                                                                                                                                │"
"│  ▾ src/                                                            ││                                                                                                                                │"
"│ A   app.rs                                                         ││                                                                                                                                │"
"│SM   main.rs                                                        ││                                                                                                                                │"
"│                                                                    ││                                                                                                                                │"
"│                                                                    ││                                                                                                                                │"
"│                                                                    ││                                                                                                                                │"
"│                                                                    ││                                                                                                                                │"
"│                                                                    ││                                                                                                                                │"
"│                                                                    ││                                                                                                                                │"
"└────────────────────────────────────────────────────────────────────┘│                                                                                                                                │"
"┌[3] Branches────────────────────────────────────────────────────────┐│                                                                                                                                │"
"│  feature/ui                                                        ││                                                                                                                                │"
"│* main                                                              ││                                                                                                                                │"
"│                                                                    ││                                                                                                                                │"
"│                                                                    ││                                                                                                                                │"
"│                                                                    ││                                                                                                                                │"
"│                                                                    ││                                                                                                                                │"
"│                                                                    ││                                                                                                                                │"
"│                                                                    ││                                                                                                                                │"
"│                                                                    ││                                                                                                                                │"
"└────────────────────────────────────────────────────────────────────┘│                                                                                                                                │"
"┌[4] Commits─────────────────────────────────────────────────────────┐│                                                                                                                                │"
"│● ↑ 0a0c000 fake: commit subject #0                                 ││                                                                                                                                │"
"│◉─╮ ↑ 0a0c001 fake: commit subject #1                               ││                                                                                                                                │"
"│● │  0a0c002 fake: commit subject #2                                ││                                                                                                                                │"
"││ ●  0a0c003 fake: commit subject #3                                ││                                                                                                                                │"
"│●─╯  0a0c004 fake: commit subject #4                                ││                                                                                                                                │"
"│●  0a0c005 fake: commit subject #5                                  ││                                                                                                                                │"
"│◉─╮  0a0c006 fake: commit subject #6                                ││                                                                                                                                │"
"│● │  0a0c007 fake: commit subject #7                                ││                                                                                                                                │"
"││ ●  0a0c008 fake: commit subject #8                                ││                                                                                                                                │"
"│●─╯  0a0c009 fake: commit subject #9                                ││                                                                                                                                │"
"└────────────────────────────────────────────────────────────────────┘│                                                                                                                                │"
"┌[5] Stash───────────────────────────────────────────────────────────┐│                                                                                                                                │"
"│stash@{0}: WIP on main                                              ││                                                                                                                                │"
"│                                                                    │└────────────────────────────────────────────────────────────────────────────────────────────────────────────────────────────────┘"
"│                                                                    │┌[@] Command log─────────────────────────────────────────────────────────────────────────────────────────────────────────────────┐"
"│                                                                    ││                                                                                                                                │"
"│                                                                    ││                                                                                                                                │"
"│                                                                    ││                                                                                                                                │"
"│                                                                    ││                                                                                                                                │"
"│                                                                    ││                                                                                                                                │"
"│                                                                    ││                                                                                                                                │"
"└────────────────────────────────────────────────────────────────────┘└────────────────────────────────────────────────────────────────────────────────────────────────────────────────────────────────┘"
"space stage · a all · c commit · C editor · s stash · enter hunks/fold · o/t ours/theirs · ? help · @ log · q quit                                                                                      "
