---
source: src/app.rs
expression: "draw(&app, 80, 24).backend()"
---
"┌Status────────────────────┐┌Diff──────────────────────────────────────────────┐"
"│main → origin/main        ││selected: Commits #99999                          │"
"└──────────────────────────┘│                                                  │"
"┌Files─────────────────────┐│                                                  │"
"│M  src/main.rs            ││                                                  │"
"│A  src/app.rs             ││                                                  │"
"│M  Cargo.toml             ││                                                  │"
"└──────────────────────────┘│                                                  │"
"┌Branches──────────────────┐│                                                  │"
"│* main                    ││                                                  │"
"│  feature/ui              ││                                                  │"
"│  fix/pty-size            ││                                                  │"
"│                          ││                                                  │"
"└──────────────────────────┘│                                                  │"
"┌Commits───────────────────┐│                                                  │"
"│0a2469d fake: commit subje││                                                  │"
"│0a2469e fake: commit subje││                                                  │"
"│0a2469f fake: commit subje││                                                  │"
"└──────────────────────────┘│                                                  │"
"┌Stash─────────────────────┐│                                                  │"
"│stash@{0}: WIP on main    ││                                                  │"
"│stash@{1}: pty experiment ││                                                  │"
"│                          ││                                                  │"
"└──────────────────────────┘└──────────────────────────────────────────────────┘"
