---
source: src/app.rs
expression: "draw(&App::new(), 80, 24).backend()"
---
"┌Status────────────────────┐┌Diff──────────────────────────────────────────────┐"
"│main → origin/main        ││selected: Files #0                                │"
"└──────────────────────────┘│                                                  │"
"┌Files─────────────────────┐│                                                  │"
"│M  src/main.rs            ││                                                  │"
"│A  src/app.rs             ││                                                  │"
"│M  Cargo.toml             ││                                                  │"
"└──────────────────────────┘│                                                  │"
"┌Branches──────────────────┐│                                                  │"
"│* main                    ││                                                  │"
"│  feature/ui              ││                                                  │"
"│  fix/pty-size            ││                                                  │"
"│                          ││                                                  │"
"└──────────────────────────┘│                                                  │"
"┌Commits───────────────────┐│                                                  │"
"│0a0c000 fake: commit subje││                                                  │"
"│0a0c001 fake: commit subje││                                                  │"
"│0a0c002 fake: commit subje││                                                  │"
"└──────────────────────────┘│                                                  │"
"┌Stash─────────────────────┐│                                                  │"
"│stash@{0}: WIP on main    ││                                                  │"
"│stash@{1}: pty experiment ││                                                  │"
"│                          ││                                                  │"
"└──────────────────────────┘└──────────────────────────────────────────────────┘"
