---
source: src/app.rs
expression: "draw(&app, 80, 24).backend()"
---
"┌Status────────────────────┐┌Diff──────────────────────────────────────────────┐"
"│main                      ││diff --git a/src/main.rs b/src/main.rs            │"
"└──────────────────────────┘│+added line                                       │"
"┌Files─────────────────────┐│-removed line                                     │"
"│SM src/main.rs            ││                                                  │"
"│ A src/app.rs             ││                                                  │"
"│ ? notes.txt              ││                                                  │"
"└──────────────────────────┘│                                                  │"
"┌Branches──────────────────┐│                                                  │"
"│  feature/ui              ││                                                  │"
"│* main                    ││                                                  │"
"│                          ││                                                  │"
"│                          ││                                                  │"
"└──────────────────────────┘│                                                  │"
"┌Commits───────────────────┐│                                                  │"
"│0a2469d fake: commit subje││                                                  │"
"│0a2469e fake: commit subje││                                                  │"
"│0a2469f fake: commit subje││                                                  │"
"└──────────────────────────┘│                                                  │"
"┌Stash─────────────────────┐│                                                  │"
"│stash@{0}: WIP on main    ││                                                  │"
"│                          ││                                                  │"
"│                          ││                                                  │"
"└──────────────────────────┘└──────────────────────────────────────────────────┘"
